
> schedule@0.0.0 build
> vite build

[36mvite v8.0.3 [32mbuilding client environment for production...[36m[39m
[2K
transforming...Ô£ô 2166 modules transformed.
rendering chunks...
computing gzip size...
dist/index.html                                         0.95 kB Ôöé gzip:   0.51 kB
dist/assets/index-B3jqEJ1J.css                         71.54 kB Ôöé gzip:  11.82 kB
dist/assets/howler-dY5t4FmH.js                         26.62 kB Ôöé gzip:   7.84 kB
dist/assets/navmesh-C8a6gLEE.js                        55.24 kB Ôöé gzip:  11.00 kB
dist/assets/boolean-TE8O7TLU.js                        56.61 kB Ôöé gzip:  19.47 kB
dist/assets/process-C7FjKitZ.js                        67.65 kB Ôöé gzip:  22.73 kB
dist/assets/gaussian-splat-compression-Ch_Bfmy_.js     82.32 kB Ôöé gzip:  23.21 kB
dist/assets/ui-Rzd--oAc.js                             91.29 kB Ôöé gzip:  28.33 kB
dist/assets/opentype-L7ik1pkj.js                      170.05 kB Ôöé gzip:  50.63 kB
dist/assets/physics-CvAEk66e.js                     1,987.69 kB Ôöé gzip: 733.91 kB
dist/assets/index-CBwn_Jmt.js                       2,544.22 kB Ôöé gzip: 725.20 kB

[32mÔ£ô built in 1.87s[39m
node.exe : [33m[plugin 
builtin:vite-reporter] 
At line:1 char:1
+ & "C:\Program 
Files\nodejs/node.exe" 
"C:\Program 
Files\nodejs/node_mo ...
+ ~~~~~~~~~~~~~~~~~~~~~~~~
~~~~~~~~~~~~~~~~~~~~~~~~~~
~~~~~~~~~~~~~~~~~~~
    + CategoryInfo        
      : NotSpecified: (  
  [33m[plugin builtin:v   
 ite-reporter] :String    
) [], RemoteException
    + FullyQualifiedError 
   Id : NativeCommandErr  
  or
 
(!) Some chunks are 
larger than 500 kB after 
minification. Consider:
- Using dynamic import() 
to code-split the 
application
- Use build.rolldownOption
s.output.codeSplitting to 
improve chunking: https://
rolldown.rs/reference/Outp
utOptions.codeSplitting
- Adjust chunk size limit 
for this warning via build
.chunkSizeWarningLimit.[3
9m
